INFO:     Will watch for changes in these directories: ['C:\\project\\Opensync\\server']
INFO:     Uvicorn running on http://127.0.0.1:8000 (Press CTRL+C to quit)
INFO:     Started reloader process [18320] using WatchFiles
INFO:     Started server process [11360]
INFO:     Waiting for application startup.
INFO:     Application startup complete.
WARNING:  WatchFiles detected changes in 'app\repositories\workspace.py'. Reloading...
INFO:     Shutting down
INFO:     Waiting for application shutdown.
INFO:     Application shutdown complete.
INFO:     Finished server process [11360]
WARNING:  WatchFiles detected changes in 'app\schemas\__init__.py', 'app\api\routes\workspace.py', 'app\services\__init__.py', 'app\services\contests.py', 'app\repositories\__init__.py'. Reloading...
Process SpawnProcess-2:
Traceback (most recent call last):
  File "C:\Python314\Lib\multiprocessing\process.py", line 320, in _bootstrap
    self.run()
    ~~~~~~~~^^
  File "C:\Python314\Lib\multiprocessing\process.py", line 108, in run
    self._target(*self._args, **self._kwargs)
    ~~~~~~~~~~~~^^^^^^^^^^^^^^^^^^^^^^^^^^^^^
  File "C:\project\Opensync\server\.venv\Lib\site-packages\uvicorn\_subprocess.py", line 76, in subprocess_started
    config.configure_logging()
    ~~~~~~~~~~~~~~~~~~~~~~~~^^
  File "C:\project\Opensync\server\.venv\Lib\site-packages\uvicorn\config.py", line 391, in configure_logging
    logging.config.dictConfig(self.log_config)
    ~~~~~~~~~~~~~~~~~~~~~~~~~^^^^^^^^^^^^^^^^^
  File "C:\Python314\Lib\logging\config.py", line 946, in dictConfig
    dictConfigClass(config).configure()
    ~~~~~~~~~~~~~~~~~~~~~~~~~~~~~~~~~^^
  File "C:\Python314\Lib\logging\config.py", line 584, in configure
    formatters[name])
    ~~~~~~~~~~^^^^^^
  File "C:\Python314\Lib\logging\config.py", line 342, in __getitem__
    return self.convert_with_key(key, value)
           ~~~~~~~~~~~~~~~~~~~~~^^^^^^^^^^^^
  File "C:\Python314\Lib\logging\config.py", line 308, in convert_with_key
    result = self.configurator.convert(value)
  File "C:\Python314\Lib\logging\config.py", line 459, in convert
    value = ConvertingDict(value)
KeyboardInterrupt
INFO:     Started server process [2376]
INFO:     Waiting for application startup.
INFO:     Application startup complete.
